// Jest Snapshot v1, https://goo.gl/fbAQLP

exports[`renders demo correctly 1`] = `
<div>
  <div>
    <div class="van-badge__wrapper">
      <div class="child"></div>
      <div class="van-badge van-badge--fixed">5</div>
    </div>
    <div class="van-badge__wrapper">
      <div class="child"></div>
      <div class="van-badge van-badge--dot van-badge--fixed"></div>
    </div>
  </div>
  <div>
    <div class="van-badge__wrapper">
      <div class="child"></div>
      <div class="van-badge van-badge--fixed">9+</div>
    </div>
    <div class="van-badge__wrapper">
      <div class="child"></div>
      <div class="van-badge van-badge--fixed">99+</div>
    </div>
  </div>
  <div>
    <div class="van-badge__wrapper">
      <div class="child"></div>
      <div class="van-badge van-badge--fixed" style="background: rgb(25, 137, 250);">5</div>
    </div>
    <div class="van-badge__wrapper">
      <div class="child"></div>
      <div class="van-badge van-badge--dot van-badge--fixed" style="background: rgb(25, 137, 250);"></div>
    </div>
  </div>
  <div>
    <div class="van-badge" style="margin-left: 16px;">99+</div>
  </div>
</div>
`;
